../Core/Src/main.c:133:6:map	24	static
../Core/Src/main.c:138:5:_write	24	static
../Core/Src/main.c:148:5:main	24	static
../Core/Src/main.c:295:6:SystemClock_Config	96	static
../Core/Src/main.c:342:13:MX_CAN1_Init	48	static
../Core/Src/main.c:388:13:MX_I2C1_Init	8	static
../Core/Src/main.c:433:13:MX_USART2_UART_Init	8	static
../Core/Src/main.c:466:13:MX_GPIO_Init	48	static
../Core/Src/main.c:526:5:flip	16	static
../Core/Src/main.c:538:5:all_state	16	static
../Core/Src/main.c:547:6:HAL_CAN_RxFifo0MsgPendingCallback	56	static
../Core/Src/main.c:593:6:CAN_TX	64	static
../Core/Src/main.c:625:6:Error_Handler	4	static,ignoring_inline_asm
